[u2globalpromo.xyz/index.html]
[backblue.gif]
[fade.gif]
[index.html]
[u2globalpromo.xyz/assets/images/brand-logos/favicon.ico]
[u2globalpromo.xyz/assets/libs/bootstrap/css/bootstrap.min.css]
[u2globalpromo.xyz/assets/css/styles.css]
[u2globalpromo.xyz/assets/css/icons.css]
[u2globalpromo.xyz/assets/libs/node-waves/waves.min.css]
[u2globalpromo.xyz/assets/libs/swiper/swiper-bundle.min.css]
[u2globalpromo.xyz/assets/libs/flatpickr/flatpickr.min.css]
[u2globalpromo.xyz/assets/libs/@simonwep/pickr/themes/nano.min.css]
[u2globalpromo.xyz/assets/libs/choices.js/public/assets/styles/choices.min.css]
[u2globalpromo.xyz/assets/images/brand-logos/toggle-dark.png]
[u2globalpromo.xyz/sign-in.html]
[u2globalpromo.xyz/sign-up.html]
[u2globalpromo.xyz/assets/images/brand-logos/desktop-logo.png]
[u2globalpromo.xyz/assets/images/brand-logos/desktop-dark.png]
[u2globalpromo.xyz/assets/images/media/landing/1.png]
[u2globalpromo.xyz/assets/images/portable-node.c020b148b22ef375e203.png]
[u2globalpromo.xyz/assets/images/code-free-setup.d724a8c858cfb378e2a2.png]
[u2globalpromo.xyz/assets/images/earn-without-risk.a5ed8b0f08de7ba9946c.png]
[u2globalpromo.xyz/assets/images/media/landing/2.png]
[u2globalpromo.xyz/assets/libs/@popperjs/core/umd/popper.min.js]
[u2globalpromo.xyz/assets/libs/bootstrap/js/bootstrap.bundle.min.js]
[u2globalpromo.xyz/assets/libs/@simonwep/pickr/pickr.es5.min.js]
[u2globalpromo.xyz/assets/libs/choices.js/public/assets/scripts/choices.min.js]
[u2globalpromo.xyz/assets/libs/swiper/swiper-bundle.min.js]
[u2globalpromo.xyz/assets/js/defaultmenu.min.js]
[u2globalpromo.xyz/assets/js/landing.js]
[u2globalpromo.xyz/assets/libs/node-waves/waves.min.js]
[u2globalpromo.xyz/assets/js/sticky.js]
[u2globalpromo.xyz/index.html]
[u2globalpromo.xyz/assets/libs/bootstrap/css/bootstrap.min.css]
[u2globalpromo.xyz/index-2.html]
[u2globalpromo.xyz/assets/css/bg-img1-BD2GB26I.jpg]
[u2globalpromo.xyz/assets/css/bg-img2-BD2GB26I.jpg]
[u2globalpromo.xyz/assets/css/bg-img3-BD2GB26I.jpg]
[u2globalpromo.xyz/assets/css/bg-img4-BD2GB26I.jpg]
[u2globalpromo.xyz/assets/css/bg-img5-BD2GB26I.jpg]
[u2globalpromo.xyz/assets/css/p1-3OF2PWVU.png]
[u2globalpromo.xyz/assets/css/p2-SRX4SJ2U.png]
[u2globalpromo.xyz/assets/css/p5-ANZXTM3J.png]
[u2globalpromo.xyz/assets/css/p7-GX5J274D.png]
[u2globalpromo.xyz/assets/css/p9-BCFTXLSJ.png]
[u2globalpromo.xyz/assets/css/p10-J7PGGAJU.png]
[u2globalpromo.xyz/assets/css/media-82-HLG4FDYR.png]
[u2globalpromo.xyz/assets/css/media-65-J7WSBC67.jpg]
[u2globalpromo.xyz/assets/css/6-Y3COUNQK.jpg]
[u2globalpromo.xyz/assets/css/transparent-DIPK6G2W.png]
[u2globalpromo.xyz/assets/css/media-79-VZYKNFDS.jpg]
[u2globalpromo.xyz/assets/css/media-29-PIYCMHKD.jpg]
[u2globalpromo.xyz/assets/css/9-EPD7J3LW.jpg]
[u2globalpromo.xyz/assets/css/media-34-GYB5VPD5.jpg]
[u2globalpromo.xyz/assets/css/2-OLYWKDI5.jpg]
[u2globalpromo.xyz/assets/css/1-UOPVUVJT.png]
[u2globalpromo.xyz/assets/css/media-81-IRBMVXXM.png]
[u2globalpromo.xyz/assets/css/styles.css]
[u2globalpromo.xyz/assets/css/remixicon-B6TYQNEG0b0b.eot]
[u2globalpromo.xyz/assets/css/remixicon-YMLS4N6S0b0b.woff2]
[u2globalpromo.xyz/assets/css/remixicon-SE6OC3C70b0b.woff]
[u2globalpromo.xyz/assets/css/remixicon-YXA6Q4670b0b.ttf]
[u2globalpromo.xyz/assets/css/feather-webfont-4QUFNMOI6cfa.eot]
[u2globalpromo.xyz/assets/css/feather-webfont-XC6AAHIC.ttf]
[u2globalpromo.xyz/assets/css/bootstrap-icons-6QOYJHKEafdf.woff2]
[u2globalpromo.xyz/assets/css/bootstrap-icons-JHE3QUSNafdf.woff]
[u2globalpromo.xyz/assets/css/tabler-icons-PUQHNPZI.eot]
[u2globalpromo.xyz/assets/css/tabler-icons-PUQHNPZId41d.eot]
[u2globalpromo.xyz/assets/css/tabler-icons-UH3GCQ6L.woff2]
[u2globalpromo.xyz/assets/css/tabler-icons-TY3YUCTX.woff]
[u2globalpromo.xyz/assets/css/tabler-icons-OVRORFYK.ttf]
[u2globalpromo.xyz/assets/css/la-brands-400-JDUJSY44.eot]
[u2globalpromo.xyz/assets/css/la-brands-400-JDUJSY44d41d.eot]
[u2globalpromo.xyz/assets/css/la-brands-400-CIWECNZM.woff2]
[u2globalpromo.xyz/assets/css/la-brands-400-D3A7B5PJ.woff]
[u2globalpromo.xyz/assets/css/la-brands-400-INB5BQB2.ttf]
[u2globalpromo.xyz/assets/css/la-regular-400-PNT4KM2T.eot]
[u2globalpromo.xyz/assets/css/la-regular-400-PNT4KM2Td41d.eot]
[u2globalpromo.xyz/assets/css/la-regular-400-X6VKWRSW.woff2]
[u2globalpromo.xyz/assets/css/la-regular-400-6RPJSTIW.woff]
[u2globalpromo.xyz/assets/css/la-regular-400-34F2J7YZ.ttf]
[u2globalpromo.xyz/assets/css/la-solid-900-QVUSAB64.eot]
[u2globalpromo.xyz/assets/css/la-solid-900-QVUSAB64d41d.eot]
[u2globalpromo.xyz/assets/css/la-solid-900-RZOHS333.woff2]
[u2globalpromo.xyz/assets/css/la-solid-900-PXMBKEUD.woff]
[u2globalpromo.xyz/assets/css/la-solid-900-LAWDUD4I.ttf]
[u2globalpromo.xyz/assets/css/boxicons-6NVWQSCQ.eot]
[u2globalpromo.xyz/assets/css/boxicons-AQ5N6WP7.woff2]
[u2globalpromo.xyz/assets/css/boxicons-5JNJQPUP.woff]
[u2globalpromo.xyz/assets/css/boxicons-GDR4JU3X.ttf]
[u2globalpromo.xyz/assets/css/icons.css]
[u2globalpromo.xyz/assets/libs/node-waves/waves.min.css]
[u2globalpromo.xyz/assets/libs/swiper/swiper-bundle.min.css]
[u2globalpromo.xyz/assets/libs/flatpickr/flatpickr.min.css]
[u2globalpromo.xyz/assets/libs/@simonwep/pickr/themes/nano.min.css]
[u2globalpromo.xyz/assets/libs/choices.js/public/assets/styles/choices.min.css]
[u2globalpromo.xyz/assets/js/authentication-main.js]
[u2globalpromo.xyz/forgot-password.html]
[u2globalpromo.xyz/assets/js/show-password.js]
[u2globalpromo.xyz/sign-in.html]
[ajax.googleapis.com/ajax/libs/jquery/3.3.1/jquery.min.js]
[u2globalpromo.xyz/sign-up.html]
[u2globalpromo.xyz/assets/images/1.svg]
[u2globalpromo.xyz/assets/images/2.svg]
[u2globalpromo.xyz/assets/images/3.svg]
[u2globalpromo.xyz/index-2.html]
[u2globalpromo.xyz/assets/css/p4-454XSD5G.svg]
[u2globalpromo.xyz/assets/css/p3-YSSTLWAU.svg]
[u2globalpromo.xyz/assets/css/p6-A3HM5BXM.svg]
[u2globalpromo.xyz/assets/css/p8-DR52SKNT.svg]
[u2globalpromo.xyz/assets/css/pattern-1-VPGHOBLP.svg]
[u2globalpromo.xyz/assets/css/media-80-ZXCVUKGU.svg]
[u2globalpromo.xyz/assets/css/pattern-2-XMY77GOB.svg]
[u2globalpromo.xyz/assets/css/remixicon-BRVJTNCR0b0b.svg]
[u2globalpromo.xyz/assets/css/feather-webfont-RJOT3FRU.svg]
[u2globalpromo.xyz/assets/css/tabler-icons-E2OE56WE.svg]
[u2globalpromo.xyz/assets/css/la-brands-400-O3J3RJOS.svg]
[u2globalpromo.xyz/assets/css/la-regular-400-LYMOBRDA.svg]
[u2globalpromo.xyz/assets/css/la-solid-900-K3G53YR3.svg]
[u2globalpromo.xyz/assets/css/boxicons-NNFHLMORd41d.svg]
[u2globalpromo.xyz/forgot-password.html]
